This is pdfTeX, Version 3.141592653-2.6-1.40.27 (TeX Live 2025) (preloaded format=pdflatex 2025.3.8)  10 MAR 2026 11:17
entering extended mode
 restricted \write18 enabled.
 file:line:error style messages enabled.
 %&-line parsing enabled.
**"/Users/aboudonji/OnjiLabs/Simulation_Course/Process Simulation/Simulación Sistemas dinámicos/algebra_bloques_espacio_estado.tex"
(/Users/aboudonji/OnjiLabs/Simulation_Course/Process Simulation/Simulación Sistemas dinámicos/algebra_bloques_espacio_estado.tex
LaTeX2e <2024-11-01> patch level 2
L3 programming layer <2025-01-18>
(/usr/local/texlive/2025/texmf-dist/tex/latex/beamer/beamer.cls
Document Class: beamer 2025/02/04 v3.72 A class for typesetting presentations
(/usr/local/texlive/2025/texmf-dist/tex/latex/beamer/beamerbasemodes.sty (/usr/local/texlive/2025/texmf-dist/tex/latex/etoolbox/etoolbox.sty
Package: etoolbox 2025/02/11 v2.5l e-TeX tools for LaTeX (JAW)
\etb@tempcnta=\count196
)
\beamer@tempbox=\box52
\beamer@tempcount=\count197
\c@beamerpauses=\count198
 (/usr/local/texlive/2025/texmf-dist/tex/latex/beamer/beamerbasedecode.sty
\beamer@slideinframe=\count199
\beamer@minimum=\count266
\beamer@decode@box=\box53
)
\beamer@commentbox=\box54
\beamer@modecount=\count267
) (/usr/local/texlive/2025/texmf-dist/tex/generic/iftex/iftex.sty
Package: iftex 2024/12/12 v1.0g TeX engine tests
)
\headdp=\dimen141
\footheight=\dimen142
\sidebarheight=\dimen143
\beamer@tempdim=\dimen144
\beamer@finalheight=\dimen145
\beamer@animht=\dimen146
\beamer@animdp=\dimen147
\beamer@animwd=\dimen148
\beamer@leftmargin=\dimen149
\beamer@rightmargin=\dimen150
\beamer@leftsidebar=\dimen151
\beamer@rightsidebar=\dimen152
\beamer@boxsize=\dimen153
\beamer@vboxoffset=\dimen154
\beamer@descdefault=\dimen155
\beamer@descriptionwidth=\dimen156
\beamer@lastskip=\skip49
\beamer@areabox=\box55
\beamer@animcurrent=\box56
\beamer@animshowbox=\box57
\beamer@sectionbox=\box58
\beamer@logobox=\box59
\beamer@linebox=\box60
\beamer@sectioncount=\count268
\beamer@subsubsectionmax=\count269
\beamer@subsectionmax=\count270
\beamer@sectionmax=\count271
\beamer@totalheads=\count272
\beamer@headcounter=\count273
\beamer@partstartpage=\count274
\beamer@sectionstartpage=\count275
\beamer@subsectionstartpage=\count276
\beamer@animationtempa=\count277
\beamer@animationtempb=\count278
\beamer@xpos=\count279
\beamer@ypos=\count280
\beamer@ypos@offset=\count281
\beamer@showpartnumber=\count282
\beamer@currentsubsection=\count283
\beamer@coveringdepth=\count284
\beamer@sectionadjust=\count285
\beamer@toclastsection=\count286
\beamer@tocsectionnumber=\count287
 (/usr/local/texlive/2025/texmf-dist/tex/latex/beamer/beamerbaseoptions.sty (/usr/local/texlive/2025/texmf-dist/tex/latex/graphics/keyval.sty
Package: keyval 2022/05/29 v1.15 key=value parser (DPC)
\KV@toks@=\toks17
))
\beamer@paperwidth=\skip50
\beamer@paperheight=\skip51
 (/usr/local/texlive/2025/texmf-dist/tex/latex/geometry/geometry.sty
Package: geometry 2020/01/02 v5.9 Page Geometry
 (/usr/local/texlive/2025/texmf-dist/tex/generic/iftex/ifvtex.sty
Package: ifvtex 2019/10/25 v1.7 ifvtex legacy package. Use iftex instead.
)
\Gm@cnth=\count288
\Gm@cntv=\count289
\c@Gm@tempcnt=\count290
\Gm@bindingoffset=\dimen157
\Gm@wd@mp=\dimen158
\Gm@odd@mp=\dimen159
\Gm@even@mp=\dimen160
\Gm@layoutwidth=\dimen161
\Gm@layoutheight=\dimen162
\Gm@layouthoffset=\dimen163
\Gm@layoutvoffset=\dimen164
\Gm@dimlist=\toks18
) (/usr/local/texlive/2025/texmf-dist/tex/latex/pgf/math/pgfmath.sty (/usr/local/texlive/2025/texmf-dist/tex/latex/pgf/utilities/pgfrcs.sty (/usr/local/texlive/2025/texmf-dist/tex/generic/pgf/utilities/pgfutil-common.tex
\pgfutil@everybye=\toks19
\pgfutil@tempdima=\dimen165
\pgfutil@tempdimb=\dimen166
) (/usr/local/texlive/2025/texmf-dist/tex/generic/pgf/utilities/pgfutil-latex.def
\pgfutil@abb=\box61
) (/usr/local/texlive/2025/texmf-dist/tex/generic/pgf/utilities/pgfrcs.code.tex (/usr/local/texlive/2025/texmf-dist/tex/generic/pgf/pgf.revision.tex)
Package: pgfrcs 2023-01-15 v3.1.10 (3.1.10)
)) (/usr/local/texlive/2025/texmf-dist/tex/latex/pgf/utilities/pgfkeys.sty (/usr/local/texlive/2025/texmf-dist/tex/generic/pgf/utilities/pgfkeys.code.tex
\pgfkeys@pathtoks=\toks20
\pgfkeys@temptoks=\toks21
 (/usr/local/texlive/2025/texmf-dist/tex/generic/pgf/utilities/pgfkeyslibraryfiltered.code.tex
\pgfkeys@tmptoks=\toks22
))) (/usr/local/texlive/2025/texmf-dist/tex/generic/pgf/math/pgfmath.code.tex (/usr/local/texlive/2025/texmf-dist/tex/generic/pgf/math/pgfmathutil.code.tex
\pgf@x=\dimen167
\pgf@xa=\dimen168
\pgf@xb=\dimen169
\pgf@xc=\dimen170
\pgf@y=\dimen171
\pgf@ya=\dimen172
\pgf@yb=\dimen173
\pgf@yc=\dimen174
\c@pgf@counta=\count291
\c@pgf@countb=\count292
\c@pgf@countc=\count293
\c@pgf@countd=\count294
) (/usr/local/texlive/2025/texmf-dist/tex/generic/pgf/math/pgfmathparser.code.tex
\pgfmath@dimen=\dimen175
\pgfmath@count=\count295
\pgfmath@box=\box62
\pgfmath@toks=\toks23
\pgfmath@stack@operand=\toks24
\pgfmath@stack@operation=\toks25
) (/usr/local/texlive/2025/texmf-dist/tex/generic/pgf/math/pgfmathfunctions.code.tex) (/usr/local/texlive/2025/texmf-dist/tex/generic/pgf/math/pgfmathfunctions.basic.code.tex) (/usr/local/texlive/2025/texmf-dist/tex/generic/pgf/math/pgfmathfunctions.trigonometric.code.tex) (/usr/local/texlive/2025/texmf-dist/tex/generic/pgf/math/pgfmathfunctions.random.code.tex) (/usr/local/texlive/2025/texmf-dist/tex/generic/pgf/math/pgfmathfunctions.comparison.code.tex) (/usr/local/texlive/2025/texmf-dist/tex/generic/pgf/math/pgfmathfunctions.base.code.tex) (/usr/local/texlive/2025/texmf-dist/tex/generic/pgf/math/pgfmathfunctions.round.code.tex) (/usr/local/texlive/2025/texmf-dist/tex/generic/pgf/math/pgfmathfunctions.misc.code.tex) (/usr/local/texlive/2025/texmf-dist/tex/generic/pgf/math/pgfmathfunctions.integerarithmetics.code.tex) (/usr/local/texlive/2025/texmf-dist/tex/generic/pgf/math/pgfmathcalc.code.tex) (/usr/local/texlive/2025/texmf-dist/tex/generic/pgf/math/pgfmathfloat.code.tex
\c@pgfmathroundto@lastzeros=\count296
))) (/usr/local/texlive/2025/texmf-dist/tex/latex/base/size11.clo
File: size11.clo 2024/06/29 v1.4n Standard LaTeX file (size option)
) (/usr/local/texlive/2025/texmf-dist/tex/latex/pgf/basiclayer/pgfcore.sty (/usr/local/texlive/2025/texmf-dist/tex/latex/graphics/graphicx.sty
Package: graphicx 2021/09/16 v1.2d Enhanced LaTeX Graphics (DPC,SPQR)
 (/usr/local/texlive/2025/texmf-dist/tex/latex/graphics/graphics.sty
Package: graphics 2024/08/06 v1.4g Standard LaTeX Graphics (DPC,SPQR)
 (/usr/local/texlive/2025/texmf-dist/tex/latex/graphics/trig.sty
Package: trig 2023/12/02 v1.11 sin cos tan (DPC)
) (/usr/local/texlive/2025/texmf-dist/tex/latex/graphics-cfg/graphics.cfg
File: graphics.cfg 2016/06/04 v1.11 sample graphics configuration
)
Package graphics Info: Driver file: pdftex.def on input line 106.
 (/usr/local/texlive/2025/texmf-dist/tex/latex/graphics-def/pdftex.def
File: pdftex.def 2024/04/13 v1.2c Graphics/color driver for pdftex
))
\Gin@req@height=\dimen176
\Gin@req@width=\dimen177
) (/usr/local/texlive/2025/texmf-dist/tex/latex/pgf/systemlayer/pgfsys.sty (/usr/local/texlive/2025/texmf-dist/tex/generic/pgf/systemlayer/pgfsys.code.tex
Package: pgfsys 2023-01-15 v3.1.10 (3.1.10)
\pgf@x=\dimen178
\pgf@y=\dimen179
\pgf@xa=\dimen180
\pgf@ya=\dimen181
\pgf@xb=\dimen182
\pgf@yb=\dimen183
\pgf@xc=\dimen184
\pgf@yc=\dimen185
\pgf@xd=\dimen186
\pgf@yd=\dimen187
\w@pgf@writea=\write3
\r@pgf@reada=\read2
\c@pgf@counta=\count297
\c@pgf@countb=\count298
\c@pgf@countc=\count299
\c@pgf@countd=\count300
\t@pgf@toka=\toks26
\t@pgf@tokb=\toks27
\t@pgf@tokc=\toks28
\pgf@sys@id@count=\count301
 (/usr/local/texlive/2025/texmf-dist/tex/generic/pgf/systemlayer/pgf.cfg
File: pgf.cfg 2023-01-15 v3.1.10 (3.1.10)
)
Driver file for pgf: pgfsys-pdftex.def
 (/usr/local/texlive/2025/texmf-dist/tex/generic/pgf/systemlayer/pgfsys-pdftex.def
File: pgfsys-pdftex.def 2023-01-15 v3.1.10 (3.1.10)
 (/usr/local/texlive/2025/texmf-dist/tex/generic/pgf/systemlayer/pgfsys-common-pdf.def
File: pgfsys-common-pdf.def 2023-01-15 v3.1.10 (3.1.10)
))) (/usr/local/texlive/2025/texmf-dist/tex/generic/pgf/systemlayer/pgfsyssoftpath.code.tex
File: pgfsyssoftpath.code.tex 2023-01-15 v3.1.10 (3.1.10)
\pgfsyssoftpath@smallbuffer@items=\count302
\pgfsyssoftpath@bigbuffer@items=\count303
) (/usr/local/texlive/2025/texmf-dist/tex/generic/pgf/systemlayer/pgfsysprotocol.code.tex
File: pgfsysprotocol.code.tex 2023-01-15 v3.1.10 (3.1.10)
)) (/usr/local/texlive/2025/texmf-dist/tex/latex/xcolor/xcolor.sty
Package: xcolor 2024/09/29 v3.02 LaTeX color extensions (UK)
 (/usr/local/texlive/2025/texmf-dist/tex/latex/graphics-cfg/color.cfg
File: color.cfg 2016/01/02 v1.6 sample color configuration
)
Package xcolor Info: Driver file: pdftex.def on input line 274.
 (/usr/local/texlive/2025/texmf-dist/tex/latex/graphics/mathcolor.ltx)
Package xcolor Info: Model `cmy' substituted by `cmy0' on input line 1349.
Package xcolor Info: Model `hsb' substituted by `rgb' on input line 1353.
Package xcolor Info: Model `RGB' extended on input line 1365.
Package xcolor Info: Model `HTML' substituted by `rgb' on input line 1367.
Package xcolor Info: Model `Hsb' substituted by `hsb' on input line 1368.
Package xcolor Info: Model `tHsb' substituted by `hsb' on input line 1369.
Package xcolor Info: Model `HSB' substituted by `hsb' on input line 1370.
Package xcolor Info: Model `Gray' substituted by `gray' on input line 1371.
Package xcolor Info: Model `wave' substituted by `hsb' on input line 1372.
) (/usr/local/texlive/2025/texmf-dist/tex/latex/graphics/dvipsnam.def
File: dvipsnam.def 2016/06/17 v3.0m Driver-dependent file (DPC,SPQR)
) (/usr/local/texlive/2025/texmf-dist/tex/generic/pgf/basiclayer/pgfcore.code.tex
Package: pgfcore 2023-01-15 v3.1.10 (3.1.10)
 (/usr/local/texlive/2025/texmf-dist/tex/generic/pgf/math/pgfint.code.tex) (/usr/local/texlive/2025/texmf-dist/tex/generic/pgf/basiclayer/pgfcorepoints.code.tex
File: pgfcorepoints.code.tex 2023-01-15 v3.1.10 (3.1.10)
\pgf@picminx=\dimen188
\pgf@picmaxx=\dimen189
\pgf@picminy=\dimen190
\pgf@picmaxy=\dimen191
\pgf@pathminx=\dimen192
\pgf@pathmaxx=\dimen193
\pgf@pathminy=\dimen194
\pgf@pathmaxy=\dimen195
\pgf@xx=\dimen196
\pgf@xy=\dimen197
\pgf@yx=\dimen198
\pgf@yy=\dimen199
\pgf@zx=\dimen256
\pgf@zy=\dimen257
) (/usr/local/texlive/2025/texmf-dist/tex/generic/pgf/basiclayer/pgfcorepathconstruct.code.tex
File: pgfcorepathconstruct.code.tex 2023-01-15 v3.1.10 (3.1.10)
\pgf@path@lastx=\dimen258
\pgf@path@lasty=\dimen259
) (/usr/local/texlive/2025/texmf-dist/tex/generic/pgf/basiclayer/pgfcorepathusage.code.tex
File: pgfcorepathusage.code.tex 2023-01-15 v3.1.10 (3.1.10)
\pgf@shorten@end@additional=\dimen260
\pgf@shorten@start@additional=\dimen261
) (/usr/local/texlive/2025/texmf-dist/tex/generic/pgf/basiclayer/pgfcorescopes.code.tex
File: pgfcorescopes.code.tex 2023-01-15 v3.1.10 (3.1.10)
\pgfpic=\box63
\pgf@hbox=\box64
\pgf@layerbox@main=\box65
\pgf@picture@serial@count=\count304
) (/usr/local/texlive/2025/texmf-dist/tex/generic/pgf/basiclayer/pgfcoregraphicstate.code.tex
File: pgfcoregraphicstate.code.tex 2023-01-15 v3.1.10 (3.1.10)
\pgflinewidth=\dimen262
) (/usr/local/texlive/2025/texmf-dist/tex/generic/pgf/basiclayer/pgfcoretransformations.code.tex
File: pgfcoretransformations.code.tex 2023-01-15 v3.1.10 (3.1.10)
\pgf@pt@x=\dimen263
\pgf@pt@y=\dimen264
\pgf@pt@temp=\dimen265
) (/usr/local/texlive/2025/texmf-dist/tex/generic/pgf/basiclayer/pgfcorequick.code.tex
File: pgfcorequick.code.tex 2023-01-15 v3.1.10 (3.1.10)
) (/usr/local/texlive/2025/texmf-dist/tex/generic/pgf/basiclayer/pgfcoreobjects.code.tex
File: pgfcoreobjects.code.tex 2023-01-15 v3.1.10 (3.1.10)
) (/usr/local/texlive/2025/texmf-dist/tex/generic/pgf/basiclayer/pgfcorepathprocessing.code.tex
File: pgfcorepathprocessing.code.tex 2023-01-15 v3.1.10 (3.1.10)
) (/usr/local/texlive/2025/texmf-dist/tex/generic/pgf/basiclayer/pgfcorearrows.code.tex
File: pgfcorearrows.code.tex 2023-01-15 v3.1.10 (3.1.10)
\pgfarrowsep=\dimen266
) (/usr/local/texlive/2025/texmf-dist/tex/generic/pgf/basiclayer/pgfcoreshade.code.tex
File: pgfcoreshade.code.tex 2023-01-15 v3.1.10 (3.1.10)
\pgf@max=\dimen267
\pgf@sys@shading@range@num=\count305
\pgf@shadingcount=\count306
) (/usr/local/texlive/2025/texmf-dist/tex/generic/pgf/basiclayer/pgfcoreimage.code.tex
File: pgfcoreimage.code.tex 2023-01-15 v3.1.10 (3.1.10)
) (/usr/local/texlive/2025/texmf-dist/tex/generic/pgf/basiclayer/pgfcoreexternal.code.tex
File: pgfcoreexternal.code.tex 2023-01-15 v3.1.10 (3.1.10)
\pgfexternal@startupbox=\box66
) (/usr/local/texlive/2025/texmf-dist/tex/generic/pgf/basiclayer/pgfcorelayers.code.tex
File: pgfcorelayers.code.tex 2023-01-15 v3.1.10 (3.1.10)
) (/usr/local/texlive/2025/texmf-dist/tex/generic/pgf/basiclayer/pgfcoretransparency.code.tex
File: pgfcoretransparency.code.tex 2023-01-15 v3.1.10 (3.1.10)
) (/usr/local/texlive/2025/texmf-dist/tex/generic/pgf/basiclayer/pgfcorepatterns.code.tex
File: pgfcorepatterns.code.tex 2023-01-15 v3.1.10 (3.1.10)
) (/usr/local/texlive/2025/texmf-dist/tex/generic/pgf/basiclayer/pgfcorerdf.code.tex
File: pgfcorerdf.code.tex 2023-01-15 v3.1.10 (3.1.10)
))) (/usr/local/texlive/2025/texmf-dist/tex/latex/pgf/utilities/xxcolor.sty
Package: xxcolor 2003/10/24 ver 0.1
\XC@nummixins=\count307
\XC@countmixins=\count308
) (/usr/local/texlive/2025/texmf-dist/tex/latex/base/atbegshi-ltx.sty
Package: atbegshi-ltx 2021/01/10 v1.0c Emulation of the original atbegshi
package with kernel methods
) (/usr/local/texlive/2025/texmf-dist/tex/latex/hyperref/hyperref.sty
Package: hyperref 2024-11-05 v7.01l Hypertext links for LaTeX
 (/usr/local/texlive/2025/texmf-dist/tex/latex/kvsetkeys/kvsetkeys.sty
Package: kvsetkeys 2022-10-05 v1.19 Key value parser (HO)
) (/usr/local/texlive/2025/texmf-dist/tex/generic/kvdefinekeys/kvdefinekeys.sty
Package: kvdefinekeys 2019-12-19 v1.6 Define keys (HO)
) (/usr/local/texlive/2025/texmf-dist/tex/generic/pdfescape/pdfescape.sty
Package: pdfescape 2019/12/09 v1.15 Implements pdfTeX's escape features (HO)
 (/usr/local/texlive/2025/texmf-dist/tex/generic/ltxcmds/ltxcmds.sty
Package: ltxcmds 2023-12-04 v1.26 LaTeX kernel commands for general use (HO)
) (/usr/local/texlive/2025/texmf-dist/tex/generic/pdftexcmds/pdftexcmds.sty
Package: pdftexcmds 2020-06-27 v0.33 Utility functions of pdfTeX for LuaTeX (HO)
 (/usr/local/texlive/2025/texmf-dist/tex/generic/infwarerr/infwarerr.sty
Package: infwarerr 2019/12/03 v1.5 Providing info/warning/error messages (HO)
)
Package pdftexcmds Info: \pdf@primitive is available.
Package pdftexcmds Info: \pdf@ifprimitive is available.
Package pdftexcmds Info: \pdfdraftmode found.
)) (/usr/local/texlive/2025/texmf-dist/tex/latex/hycolor/hycolor.sty
Package: hycolor 2020-01-27 v1.10 Color options for hyperref/bookmark (HO)
) (/usr/local/texlive/2025/texmf-dist/tex/latex/hyperref/nameref.sty
Package: nameref 2023-11-26 v2.56 Cross-referencing by name of section
 (/usr/local/texlive/2025/texmf-dist/tex/latex/refcount/refcount.sty
Package: refcount 2019/12/15 v3.6 Data extraction from label references (HO)
) (/usr/local/texlive/2025/texmf-dist/tex/generic/gettitlestring/gettitlestring.sty
Package: gettitlestring 2019/12/15 v1.6 Cleanup title references (HO)
 (/usr/local/texlive/2025/texmf-dist/tex/latex/kvoptions/kvoptions.sty
Package: kvoptions 2022-06-15 v3.15 Key value format for package options (HO)
))
\c@section@level=\count309
) (/usr/local/texlive/2025/texmf-dist/tex/generic/stringenc/stringenc.sty
Package: stringenc 2019/11/29 v1.12 Convert strings between diff. encodings (HO)
)
\@linkdim=\dimen268
\Hy@linkcounter=\count310
\Hy@pagecounter=\count311
 (/usr/local/texlive/2025/texmf-dist/tex/latex/hyperref/pd1enc.def
File: pd1enc.def 2024-11-05 v7.01l Hyperref: PDFDocEncoding definition (HO)
Now handling font encoding PD1 ...
... no UTF-8 mapping file for font encoding PD1
) (/usr/local/texlive/2025/texmf-dist/tex/generic/intcalc/intcalc.sty
Package: intcalc 2019/12/15 v1.3 Expandable calculations with integers (HO)
)
\Hy@SavedSpaceFactor=\count312
 (/usr/local/texlive/2025/texmf-dist/tex/latex/hyperref/puenc.def
File: puenc.def 2024-11-05 v7.01l Hyperref: PDF Unicode definition (HO)
Now handling font encoding PU ...
... no UTF-8 mapping file for font encoding PU
)
Package hyperref Info: Option `bookmarks' set `true' on input line 4040.
Package hyperref Info: Option `bookmarksopen' set `true' on input line 4040.
Package hyperref Info: Option `implicit' set `false' on input line 4040.
Package hyperref Info: Hyper figures OFF on input line 4157.
Package hyperref Info: Link nesting OFF on input line 4162.
Package hyperref Info: Hyper index ON on input line 4165.
Package hyperref Info: Plain pages OFF on input line 4172.
Package hyperref Info: Backreferencing OFF on input line 4177.
Package hyperref Info: Implicit mode OFF; no redefinition of LaTeX internals.
Package hyperref Info: Bookmarks ON on input line 4424.
\c@Hy@tempcnt=\count313
 (/usr/local/texlive/2025/texmf-dist/tex/latex/url/url.sty
\Urlmuskip=\muskip17
Package: url 2013/09/16  ver 3.4  Verb mode for urls, etc.
)
LaTeX Info: Redefining \url on input line 4763.
\XeTeXLinkMargin=\dimen269
 (/usr/local/texlive/2025/texmf-dist/tex/generic/bitset/bitset.sty
Package: bitset 2019/12/09 v1.3 Handle bit-vector datatype (HO)
 (/usr/local/texlive/2025/texmf-dist/tex/generic/bigintcalc/bigintcalc.sty
Package: bigintcalc 2019/12/15 v1.5 Expandable calculations on big integers (HO)
))
\Fld@menulength=\count314
\Field@Width=\dimen270
\Fld@charsize=\dimen271
Package hyperref Info: Hyper figures OFF on input line 6042.
Package hyperref Info: Link nesting OFF on input line 6047.
Package hyperref Info: Hyper index ON on input line 6050.
Package hyperref Info: backreferencing OFF on input line 6057.
Package hyperref Info: Link coloring OFF on input line 6062.
Package hyperref Info: Link coloring with OCG OFF on input line 6067.
Package hyperref Info: PDF/A mode OFF on input line 6072.
\Hy@abspage=\count315


Package hyperref Message: Stopped early.

)
Package hyperref Info: Driver (autodetected): hpdftex.
 (/usr/local/texlive/2025/texmf-dist/tex/latex/hyperref/hpdftex.def
File: hpdftex.def 2024-11-05 v7.01l Hyperref driver for pdfTeX
 (/usr/local/texlive/2025/texmf-dist/tex/latex/base/atveryend-ltx.sty
Package: atveryend-ltx 2020/08/19 v1.0a Emulation of the original atveryend package
with kernel methods
)
\Fld@listcount=\count316
\c@bookmark@seq@number=\count317
 (/usr/local/texlive/2025/texmf-dist/tex/latex/rerunfilecheck/rerunfilecheck.sty
Package: rerunfilecheck 2022-07-10 v1.10 Rerun checks for auxiliary files (HO)
 (/usr/local/texlive/2025/texmf-dist/tex/generic/uniquecounter/uniquecounter.sty
Package: uniquecounter 2019/12/15 v1.4 Provide unlimited unique counter (HO)
)
Package uniquecounter Info: New unique counter `rerunfilecheck' on input line 285.
)) (/usr/local/texlive/2025/texmf-dist/tex/latex/beamer/beamerbaserequires.sty (/usr/local/texlive/2025/texmf-dist/tex/latex/beamer/beamerbasecompatibility.sty) (/usr/local/texlive/2025/texmf-dist/tex/latex/beamer/beamerbasefont.sty (/usr/local/texlive/2025/texmf-dist/tex/latex/amsfonts/amssymb.sty
Package: amssymb 2013/01/14 v3.01 AMS font symbols
 (/usr/local/texlive/2025/texmf-dist/tex/latex/amsfonts/amsfonts.sty
Package: amsfonts 2013/01/14 v3.01 Basic AMSFonts support
\@emptytoks=\toks29
\symAMSa=\mathgroup4
\symAMSb=\mathgroup5
LaTeX Font Info:    Redeclaring math symbol \hbar on input line 98.
LaTeX Font Info:    Overwriting math alphabet `\mathfrak' in version `bold'
(Font)                  U/euf/m/n --> U/euf/b/n on input line 106.
)) (/usr/local/texlive/2025/texmf-dist/tex/latex/sansmathaccent/sansmathaccent.sty
Package: sansmathaccent 2020/01/31
 (/usr/local/texlive/2025/texmf-dist/tex/latex/koma-script/scrlfile.sty
Package: scrlfile 2024/10/24 v3.43 KOMA-Script package (file load hooks)
 (/usr/local/texlive/2025/texmf-dist/tex/latex/koma-script/scrlfile-hook.sty
Package: scrlfile-hook 2024/10/24 v3.43 KOMA-Script package (using LaTeX hooks)
 (/usr/local/texlive/2025/texmf-dist/tex/latex/koma-script/scrlogo.sty
Package: scrlogo 2024/10/24 v3.43 KOMA-Script package (logo)
))))) (/usr/local/texlive/2025/texmf-dist/tex/latex/beamer/beamerbasetranslator.sty (/usr/local/texlive/2025/texmf-dist/tex/latex/translator/translator.sty
Package: translator 2021-05-31 v1.12d Easy translation of strings in LaTeX
)) (/usr/local/texlive/2025/texmf-dist/tex/latex/beamer/beamerbasemisc.sty) (/usr/local/texlive/2025/texmf-dist/tex/latex/beamer/beamerbasetwoscreens.sty) (/usr/local/texlive/2025/texmf-dist/tex/latex/beamer/beamerbaseoverlay.sty
\beamer@argscount=\count318
\beamer@lastskipcover=\skip52
\beamer@trivlistdepth=\count319
) (/usr/local/texlive/2025/texmf-dist/tex/latex/beamer/beamerbasetitle.sty) (/usr/local/texlive/2025/texmf-dist/tex/latex/beamer/beamerbasesection.sty
\c@lecture=\count320
\c@part=\count321
\c@section=\count322
\c@subsection=\count323
\c@subsubsection=\count324
) (/usr/local/texlive/2025/texmf-dist/tex/latex/beamer/beamerbaseframe.sty
\beamer@framebox=\box67
\beamer@frametitlebox=\box68
\beamer@zoombox=\box69
\beamer@zoomcount=\count325
\beamer@zoomframecount=\count326
\beamer@frametextheight=\dimen272
\c@subsectionslide=\count327
\beamer@frametopskip=\skip53
\beamer@framebottomskip=\skip54
\beamer@frametopskipautobreak=\skip55
\beamer@framebottomskipautobreak=\skip56
\beamer@envbody=\toks30
\framewidth=\dimen273
\c@framenumber=\count328
) (/usr/local/texlive/2025/texmf-dist/tex/latex/beamer/beamerbaseverbatim.sty
\beamer@verbatimfileout=\write4
) (/usr/local/texlive/2025/texmf-dist/tex/latex/beamer/beamerbaseframesize.sty
\beamer@splitbox=\box70
\beamer@autobreakcount=\count329
\beamer@autobreaklastheight=\dimen274
\beamer@frametitletoks=\toks31
\beamer@framesubtitletoks=\toks32
) (/usr/local/texlive/2025/texmf-dist/tex/latex/beamer/beamerbaseframecomponents.sty
\beamer@footins=\box71
) (/usr/local/texlive/2025/texmf-dist/tex/latex/beamer/beamerbasecolor.sty) (/usr/local/texlive/2025/texmf-dist/tex/latex/beamer/beamerbasenotes.sty
\beamer@frameboxcopy=\box72
) (/usr/local/texlive/2025/texmf-dist/tex/latex/beamer/beamerbasetoc.sty) (/usr/local/texlive/2025/texmf-dist/tex/latex/beamer/beamerbasetemplates.sty
\beamer@sbttoks=\toks33
 (/usr/local/texlive/2025/texmf-dist/tex/latex/beamer/beamerbaseauxtemplates.sty (/usr/local/texlive/2025/texmf-dist/tex/latex/beamer/beamerbaseboxes.sty
\bmb@box=\box73
\bmb@colorbox=\box74
\bmb@boxwidth=\dimen275
\bmb@boxheight=\dimen276
\bmb@prevheight=\dimen277
\bmb@temp=\dimen278
\bmb@dima=\dimen279
\bmb@dimb=\dimen280
\bmb@prevheight=\dimen281
)
\beamer@blockheadheight=\dimen282
)) (/usr/local/texlive/2025/texmf-dist/tex/latex/beamer/beamerbaselocalstructure.sty (/usr/local/texlive/2025/texmf-dist/tex/latex/tools/enumerate.sty
Package: enumerate 2023/07/04 v3.00 enumerate extensions (DPC)
\@enLab=\toks34
)
\beamer@bibiconwidth=\skip57
\c@figure=\count330
\c@table=\count331
\abovecaptionskip=\skip58
\belowcaptionskip=\skip59
) (/usr/local/texlive/2025/texmf-dist/tex/latex/beamer/beamerbasenavigation.sty (/usr/local/texlive/2025/texmf-dist/tex/latex/beamer/beamerbasenavigationsymbols.tex)
\beamer@section@min@dim=\dimen283
) (/usr/local/texlive/2025/texmf-dist/tex/latex/beamer/beamerbasetheorems.sty (/usr/local/texlive/2025/texmf-dist/tex/latex/amsmath/amsmath.sty
Package: amsmath 2024/11/05 v2.17t AMS math features
\@mathmargin=\skip60

For additional information on amsmath, use the `?' option.
(/usr/local/texlive/2025/texmf-dist/tex/latex/amsmath/amstext.sty
Package: amstext 2021/08/26 v2.01 AMS text
 (/usr/local/texlive/2025/texmf-dist/tex/latex/amsmath/amsgen.sty
File: amsgen.sty 1999/11/30 v2.0 generic functions
\@emptytoks=\toks35
\ex@=\dimen284
)) (/usr/local/texlive/2025/texmf-dist/tex/latex/amsmath/amsbsy.sty
Package: amsbsy 1999/11/29 v1.2d Bold Symbols
\pmbraise@=\dimen285
) (/usr/local/texlive/2025/texmf-dist/tex/latex/amsmath/amsopn.sty
Package: amsopn 2022/04/08 v2.04 operator names
)
\inf@bad=\count332
LaTeX Info: Redefining \frac on input line 233.
\uproot@=\count333
\leftroot@=\count334
LaTeX Info: Redefining \overline on input line 398.
LaTeX Info: Redefining \colon on input line 409.
\classnum@=\count335
\DOTSCASE@=\count336
LaTeX Info: Redefining \ldots on input line 495.
LaTeX Info: Redefining \dots on input line 498.
LaTeX Info: Redefining \cdots on input line 619.
\Mathstrutbox@=\box75
\strutbox@=\box76
LaTeX Info: Redefining \big on input line 721.
LaTeX Info: Redefining \Big on input line 722.
LaTeX Info: Redefining \bigg on input line 723.
LaTeX Info: Redefining \Bigg on input line 724.
\big@size=\dimen286
LaTeX Font Info:    Redeclaring font encoding OML on input line 742.
LaTeX Font Info:    Redeclaring font encoding OMS on input line 743.
\macc@depth=\count337
LaTeX Info: Redefining \bmod on input line 904.
LaTeX Info: Redefining \pmod on input line 909.
LaTeX Info: Redefining \smash on input line 939.
LaTeX Info: Redefining \relbar on input line 969.
LaTeX Info: Redefining \Relbar on input line 970.
\c@MaxMatrixCols=\count338
\dotsspace@=\muskip18
\c@parentequation=\count339
\dspbrk@lvl=\count340
\tag@help=\toks36
\row@=\count341
\column@=\count342
\maxfields@=\count343
\andhelp@=\toks37
\eqnshift@=\dimen287
\alignsep@=\dimen288
\tagshift@=\dimen289
\tagwidth@=\dimen290
\totwidth@=\dimen291
\lineht@=\dimen292
\@envbody=\toks38
\multlinegap=\skip61
\multlinetaggap=\skip62
\mathdisplay@stack=\toks39
LaTeX Info: Redefining \[ on input line 2953.
LaTeX Info: Redefining \] on input line 2954.
) (/usr/local/texlive/2025/texmf-dist/tex/latex/amscls/amsthm.sty
Package: amsthm 2020/05/29 v2.20.6
\thm@style=\toks40
\thm@bodyfont=\toks41
\thm@headfont=\toks42
\thm@notefont=\toks43
\thm@headpunct=\toks44
\thm@preskip=\skip63
\thm@postskip=\skip64
\thm@headsep=\skip65
\dth@everypar=\toks45
)
\c@theorem=\count344
) (/usr/local/texlive/2025/texmf-dist/tex/latex/beamer/beamerbasethemes.sty)) (/usr/local/texlive/2025/texmf-dist/tex/latex/beamer/beamerthemedefault.sty (/usr/local/texlive/2025/texmf-dist/tex/latex/beamer/beamerfontthemedefault.sty) (/usr/local/texlive/2025/texmf-dist/tex/latex/beamer/beamercolorthemedefault.sty) (/usr/local/texlive/2025/texmf-dist/tex/latex/beamer/beamerinnerthemedefault.sty
\beamer@dima=\dimen293
\beamer@dimb=\dimen294
) (/usr/local/texlive/2025/texmf-dist/tex/latex/beamer/beamerouterthemedefault.sty))) (/usr/local/texlive/2025/texmf-dist/tex/latex/beamer/beamerthemeBerlin.sty (/usr/local/texlive/2025/texmf-dist/tex/latex/beamer/beamerouterthememiniframes.sty) (/usr/local/texlive/2025/texmf-dist/tex/latex/beamer/beamercolorthemewhale.sty) (/usr/local/texlive/2025/texmf-dist/tex/latex/beamer/beamercolorthemeorchid.sty) (/usr/local/texlive/2025/texmf-dist/tex/latex/beamer/beamerinnerthemerectangles.sty)) (/usr/local/texlive/2025/texmf-dist/tex/generic/babel/babel.sty
Package: babel 2025/02/14 v25.4 The multilingual framework for pdfLaTeX, LuaLaTeX and XeLaTeX
\babel@savecnt=\count345
\U@D=\dimen295
\l@unhyphenated=\language90
 (/usr/local/texlive/2025/texmf-dist/tex/generic/babel/txtbabel.def)
\bbl@readstream=\read3
LaTeX Info: Redefining \textlatin on input line 3835.
\bbl@dirlevel=\count346
 (/usr/local/texlive/2025/texmf-dist/tex/generic/babel-spanish/spanish.ldf
Language: spanish.ldf 2021/05/27 v5.0q Spanish support from the babel system
\es@quottoks=\toks46
\es@quotdepth=\count347
Package babel Info: Making " an active character on input line 570.
Package babel Info: Making . an active character on input line 675.
Package babel Info: Making < an active character on input line 722.
Package babel Info: Making > an active character on input line 722.
)) (/usr/local/texlive/2025/texmf-dist/tex/generic/babel/locale/es/babel-spanish.tex
Package babel Info: Importing font and identification data for spanish
(babel)             from babel-es.ini. Reported on input line 11.
) (/usr/local/texlive/2025/texmf-dist/tex/latex/booktabs/booktabs.sty
Package: booktabs 2020/01/12 v1.61803398 Publication quality tables
\heavyrulewidth=\dimen296
\lightrulewidth=\dimen297
\cmidrulewidth=\dimen298
\belowrulesep=\dimen299
\belowbottomsep=\dimen300
\aboverulesep=\dimen301
\abovetopsep=\dimen302
\cmidrulesep=\dimen303
\cmidrulekern=\dimen304
\defaultaddspace=\dimen305
\@cmidla=\count348
\@cmidlb=\count349
\@aboverulesep=\dimen306
\@belowrulesep=\dimen307
\@thisruleclass=\count350
\@lastruleclass=\count351
\@thisrulewidth=\dimen308
) (/usr/local/texlive/2025/texmf-dist/tex/latex/lettrine/lettrine.sty
File: lettrine.sty 2025-01-30 v2.80 (Daniel Flipo)
 (/usr/local/texlive/2025/texmf-dist/tex/latex/l3packages/xfp/xfp.sty (/usr/local/texlive/2025/texmf-dist/tex/latex/l3kernel/expl3.sty
Package: expl3 2025-01-18 L3 programming layer (loader) 
 (/usr/local/texlive/2025/texmf-dist/tex/latex/l3backend/l3backend-pdftex.def
File: l3backend-pdftex.def 2024-05-08 L3 backend support: PDF output (pdfTeX)
\l__color_backend_stack_int=\count352
\l__pdf_internal_box=\box77
))
Package: xfp 2024-08-16 L3 Floating point unit
)
\c@DefaultLines=\count353
\c@DefaultDepth=\count354
\DefaultFindent=\dimen309
\DefaultNindent=\dimen310
\DefaultSlope=\dimen311
\DiscardVskip=\dimen312
\L@lettrine=\box78
\L@lbox=\box79
\L@tbox=\box80
\c@L@lines=\count355
\c@L@depth=\count356
\L@Pindent=\dimen313
\L@Findent=\dimen314
\L@Nindent=\dimen315
\L@lraise=\dimen316
\L@first=\dimen317
\L@next=\dimen318
\L@slope=\dimen319
\L@height=\dimen320
\L@novskip=\dimen321
\L@target@ht=\dimen322
\L@target@dp=\dimen323
\L@target@tht=\dimen324
\LettrineWidth=\dimen325
\LettrineHeight=\dimen326
\LettrineDepth=\dimen327
\L@finalht=\dimen328
\L@finaldp=\dimen329

Loading lettrine.cfg
(/usr/local/texlive/2025/texmf-dist/tex/latex/lettrine/lettrine.cfg)
\Lettrine@tweaks=\toks47
\Llist@everypar=\toks48
) (/usr/local/texlive/2025/texmf-dist/tex/latex/xcolor/svgnam.def
File: svgnam.def 2024/09/29 v3.02 Predefined colors according to SVG 1.1 (UK)
) (/usr/local/texlive/2025/texmf-dist/tex/latex/xcolor/x11nam.def
File: x11nam.def 2024/09/29 v3.02 Predefined colors according to Unix/X11 (UK)
) (/usr/local/texlive/2025/texmf-dist/tex/latex/xurl/xurl.sty
Package: xurl 2022/01/09 v 0.10 modify URL breaks
) (/usr/local/texlive/2025/texmf-dist/tex/latex/algorithms/algorithm.sty
Package: algorithm 2009/08/24 v0.1 Document Style `algorithm' - floating environment
 (/usr/local/texlive/2025/texmf-dist/tex/latex/float/float.sty
Package: float 2001/11/08 v1.3d Float enhancements (AL)
\c@float@type=\count357
\float@exts=\toks49
\float@box=\box81
\@float@everytoks=\toks50
\@floatcapt=\box82
) (/usr/local/texlive/2025/texmf-dist/tex/latex/base/ifthen.sty
Package: ifthen 2024/03/16 v1.1e Standard LaTeX ifthen package (DPC)
)
\@float@every@algorithm=\toks51
\c@algorithm=\count358
) (/usr/local/texlive/2025/texmf-dist/tex/latex/algorithmicx/algorithmicx.sty
Package: algorithmicx 2005/04/27 v1.2 Algorithmicx

Document Style algorithmicx 1.2 - a greatly improved `algorithmic' style
\c@ALG@line=\count359
\c@ALG@rem=\count360
\c@ALG@nested=\count361
\ALG@tlm=\skip66
\ALG@thistlm=\skip67
\c@ALG@Lnr=\count362
\c@ALG@blocknr=\count363
\c@ALG@storecount=\count364
\c@ALG@tmpcounter=\count365
\ALG@tmplength=\skip68
) (/usr/local/texlive/2025/texmf-dist/tex/latex/algorithmicx/algpseudocode.sty
Package: algpseudocode 

Document Style - pseudocode environments for use with the `algorithmicx' style
) (/usr/local/texlive/2025/texmf-dist/tex/latex/adjustbox/adjustbox.sty
Package: adjustbox 2025/02/26 v1.3c Adjusting TeX boxes (trim, clip, ...)
 (/usr/local/texlive/2025/texmf-dist/tex/latex/xkeyval/xkeyval.sty
Package: xkeyval 2022/06/16 v2.9 package option processing (HA)
 (/usr/local/texlive/2025/texmf-dist/tex/generic/xkeyval/xkeyval.tex (/usr/local/texlive/2025/texmf-dist/tex/generic/xkeyval/xkvutils.tex
\XKV@toks=\toks52
\XKV@tempa@toks=\toks53
)
\XKV@depth=\count366
File: xkeyval.tex 2014/12/03 v2.7a key=value parser (HA)
)) (/usr/local/texlive/2025/texmf-dist/tex/latex/adjustbox/adjcalc.sty
Package: adjcalc 2012/05/16 v1.1 Provides advanced setlength with multiple back-ends (calc, etex, pgfmath)
) (/usr/local/texlive/2025/texmf-dist/tex/latex/adjustbox/trimclip.sty
Package: trimclip 2025/02/21 v1.2a Trim and clip general TeX material
 (/usr/local/texlive/2025/texmf-dist/tex/latex/collectbox/collectbox.sty
Package: collectbox 2022/10/17 v0.4c Collect macro arguments as boxes
\collectedbox=\box83
)
\tc@llx=\dimen330
\tc@lly=\dimen331
\tc@urx=\dimen332
\tc@ury=\dimen333
Package trimclip Info: Using driver 'tc-pdftex.def'.
 (/usr/local/texlive/2025/texmf-dist/tex/latex/adjustbox/tc-pdftex.def
File: tc-pdftex.def 2025/02/26 v2.3 Clipping driver for pdftex
))
\adjbox@Width=\dimen334
\adjbox@Height=\dimen335
\adjbox@Depth=\dimen336
\adjbox@Totalheight=\dimen337
\adjbox@pwidth=\dimen338
\adjbox@pheight=\dimen339
\adjbox@pdepth=\dimen340
\adjbox@ptotalheight=\dimen341
 (/usr/local/texlive/2025/texmf-dist/tex/latex/ifoddpage/ifoddpage.sty
Package: ifoddpage 2022/10/18 v1.2 Conditionals for odd/even page detection
\c@checkoddpage=\count367
) (/usr/local/texlive/2025/texmf-dist/tex/latex/varwidth/varwidth.sty
Package: varwidth 2009/03/30 ver 0.92;  Variable-width minipages
\@vwid@box=\box84
\sift@deathcycles=\count368
\@vwid@loff=\dimen342
\@vwid@roff=\dimen343
)) (/usr/local/texlive/2025/texmf-dist/tex/latex/pgf/frontendlayer/tikz.sty (/usr/local/texlive/2025/texmf-dist/tex/latex/pgf/basiclayer/pgf.sty
Package: pgf 2023-01-15 v3.1.10 (3.1.10)
 (/usr/local/texlive/2025/texmf-dist/tex/generic/pgf/modules/pgfmoduleshapes.code.tex
File: pgfmoduleshapes.code.tex 2023-01-15 v3.1.10 (3.1.10)
\pgfnodeparttextbox=\box85
) (/usr/local/texlive/2025/texmf-dist/tex/generic/pgf/modules/pgfmoduleplot.code.tex
File: pgfmoduleplot.code.tex 2023-01-15 v3.1.10 (3.1.10)
) (/usr/local/texlive/2025/texmf-dist/tex/latex/pgf/compatibility/pgfcomp-version-0-65.sty
Package: pgfcomp-version-0-65 2023-01-15 v3.1.10 (3.1.10)
\pgf@nodesepstart=\dimen344
\pgf@nodesepend=\dimen345
) (/usr/local/texlive/2025/texmf-dist/tex/latex/pgf/compatibility/pgfcomp-version-1-18.sty
Package: pgfcomp-version-1-18 2023-01-15 v3.1.10 (3.1.10)
)) (/usr/local/texlive/2025/texmf-dist/tex/latex/pgf/utilities/pgffor.sty (/usr/local/texlive/2025/texmf-dist/tex/generic/pgf/utilities/pgffor.code.tex
Package: pgffor 2023-01-15 v3.1.10 (3.1.10)
\pgffor@iter=\dimen346
\pgffor@skip=\dimen347
\pgffor@stack=\toks54
\pgffor@toks=\toks55
)) (/usr/local/texlive/2025/texmf-dist/tex/generic/pgf/frontendlayer/tikz/tikz.code.tex
Package: tikz 2023-01-15 v3.1.10 (3.1.10)
 (/usr/local/texlive/2025/texmf-dist/tex/generic/pgf/libraries/pgflibraryplothandlers.code.tex
File: pgflibraryplothandlers.code.tex 2023-01-15 v3.1.10 (3.1.10)
\pgf@plot@mark@count=\count369
\pgfplotmarksize=\dimen348
)
\tikz@lastx=\dimen349
\tikz@lasty=\dimen350
\tikz@lastxsaved=\dimen351
\tikz@lastysaved=\dimen352
\tikz@lastmovetox=\dimen353
\tikz@lastmovetoy=\dimen354
\tikzleveldistance=\dimen355
\tikzsiblingdistance=\dimen356
\tikz@figbox=\box86
\tikz@figbox@bg=\box87
\tikz@tempbox=\box88
\tikz@tempbox@bg=\box89
\tikztreelevel=\count370
\tikznumberofchildren=\count371
\tikznumberofcurrentchild=\count372
\tikz@fig@count=\count373
 (/usr/local/texlive/2025/texmf-dist/tex/generic/pgf/modules/pgfmodulematrix.code.tex
File: pgfmodulematrix.code.tex 2023-01-15 v3.1.10 (3.1.10)
\pgfmatrixcurrentrow=\count374
\pgfmatrixcurrentcolumn=\count375
\pgf@matrix@numberofcolumns=\count376
)
\tikz@expandcount=\count377
 (/usr/local/texlive/2025/texmf-dist/tex/generic/pgf/frontendlayer/tikz/libraries/tikzlibrarytopaths.code.tex
File: tikzlibrarytopaths.code.tex 2023-01-15 v3.1.10 (3.1.10)
))) (/usr/local/texlive/2025/texmf-dist/tex/generic/pgf/libraries/pgflibraryarrows.meta.code.tex
File: pgflibraryarrows.meta.code.tex 2023-01-15 v3.1.10 (3.1.10)
\pgfarrowinset=\dimen357
\pgfarrowlength=\dimen358
\pgfarrowwidth=\dimen359
\pgfarrowlinewidth=\dimen360
) (/usr/local/texlive/2025/texmf-dist/tex/generic/pgf/frontendlayer/tikz/libraries/tikzlibraryshapes.geometric.code.tex
File: tikzlibraryshapes.geometric.code.tex 2023-01-15 v3.1.10 (3.1.10)
 (/usr/local/texlive/2025/texmf-dist/tex/generic/pgf/libraries/shapes/pgflibraryshapes.geometric.code.tex
File: pgflibraryshapes.geometric.code.tex 2023-01-15 v3.1.10 (3.1.10)
)) (/usr/local/texlive/2025/texmf-dist/tex/generic/pgf/frontendlayer/tikz/libraries/tikzlibrarypositioning.code.tex
File: tikzlibrarypositioning.code.tex 2023-01-15 v3.1.10 (3.1.10)
) (/usr/local/texlive/2025/texmf-dist/tex/generic/pgf/frontendlayer/tikz/libraries/tikzlibrarycalc.code.tex
File: tikzlibrarycalc.code.tex 2023-01-15 v3.1.10 (3.1.10)
)
Package hyperref Info: Option `colorlinks' set `true' on input line 27.
 (/usr/local/texlive/2025/texmf-dist/tex/latex/listings/listings.sty
\lst@mode=\count378
\lst@gtempboxa=\box90
\lst@token=\toks56
\lst@length=\count379
\lst@currlwidth=\dimen361
\lst@column=\count380
\lst@pos=\count381
\lst@lostspace=\dimen362
\lst@width=\dimen363
\lst@newlines=\count382
\lst@lineno=\count383
\lst@maxwidth=\dimen364
 (/usr/local/texlive/2025/texmf-dist/tex/latex/listings/lstpatch.sty
File: lstpatch.sty 2024/09/23 1.10c (Carsten Heinz)
) (/usr/local/texlive/2025/texmf-dist/tex/latex/listings/lstmisc.sty
File: lstmisc.sty 2024/09/23 1.10c (Carsten Heinz)
\c@lstnumber=\count384
\lst@skipnumbers=\count385
\lst@framebox=\box91
) (/usr/local/texlive/2025/texmf-dist/tex/latex/listings/listings.cfg
File: listings.cfg 2024/09/23 1.10c listings configuration
))
Package: listings 2024/09/23 1.10c (Carsten Heinz)
 (/usr/local/texlive/2025/texmf-dist/tex/latex/listings/lstlang1.sty
File: lstlang1.sty 2024/09/23 1.10c listings language file
) (/Users/aboudonji/OnjiLabs/Simulation_Course/Process Simulation/Simulación Sistemas dinámicos/algebra_bloques_espacio_estado.aux
LaTeX Info: Redefining \. on input line 12.
LaTeX Info: Redefining \% on input line 12.
)
\openout1 = `algebra_bloques_espacio_estado.aux'.

LaTeX Font Info:    Checking defaults for OML/cmm/m/it on input line 81.
LaTeX Font Info:    ... okay on input line 81.
LaTeX Font Info:    Checking defaults for OMS/cmsy/m/n on input line 81.
LaTeX Font Info:    ... okay on input line 81.
LaTeX Font Info:    Checking defaults for OT1/cmr/m/n on input line 81.
LaTeX Font Info:    ... okay on input line 81.
LaTeX Font Info:    Checking defaults for T1/cmr/m/n on input line 81.
LaTeX Font Info:    ... okay on input line 81.
LaTeX Font Info:    Checking defaults for TS1/cmr/m/n on input line 81.
LaTeX Font Info:    ... okay on input line 81.
LaTeX Font Info:    Checking defaults for OMX/cmex/m/n on input line 81.
LaTeX Font Info:    ... okay on input line 81.
LaTeX Font Info:    Checking defaults for U/cmr/m/n on input line 81.
LaTeX Font Info:    ... okay on input line 81.
LaTeX Font Info:    Checking defaults for PD1/pdf/m/n on input line 81.
LaTeX Font Info:    ... okay on input line 81.
LaTeX Font Info:    Checking defaults for PU/pdf/m/n on input line 81.
LaTeX Font Info:    ... okay on input line 81.

*geometry* driver: auto-detecting
*geometry* detected driver: pdftex
*geometry* verbose mode - [ preamble ] result:
* driver: pdftex
* paper: custom
* layout: <same size as paper>
* layoutoffset:(h,v)=(0.0pt,0.0pt)
* modes: includehead includefoot 
* h-part:(L,W,R)=(28.45274pt, 398.3386pt, 28.45274pt)
* v-part:(T,H,B)=(0.0pt, 256.0748pt, 0.0pt)
* \paperwidth=455.24408pt
* \paperheight=256.0748pt
* \textwidth=398.3386pt
* \textheight=227.62207pt
* \oddsidemargin=-43.81725pt
* \evensidemargin=-43.81725pt
* \topmargin=-72.26999pt
* \headheight=14.22636pt
* \headsep=0.0pt
* \topskip=11.0pt
* \footskip=14.22636pt
* \marginparwidth=4.0pt
* \marginparsep=10.0pt
* \columnsep=10.0pt
* \skip\footins=10.0pt plus 4.0pt minus 2.0pt
* \hoffset=0.0pt
* \voffset=0.0pt
* \mag=1000
* \@twocolumnfalse
* \@twosidefalse
* \@mparswitchfalse
* \@reversemarginfalse
* (1in=72.27pt=25.4mm, 1cm=28.453pt)

(/usr/local/texlive/2025/texmf-dist/tex/context/base/mkii/supp-pdf.mkii
[Loading MPS to PDF converter (version 2006.09.02).]
\scratchcounter=\count386
\scratchdimen=\dimen365
\scratchbox=\box92
\nofMPsegments=\count387
\nofMParguments=\count388
\everyMPshowfont=\toks57
\MPscratchCnt=\count389
\MPscratchDim=\dimen366
\MPnumerator=\count390
\makeMPintoPDFobject=\count391
\everyMPtoPDFconversion=\toks58
) (/usr/local/texlive/2025/texmf-dist/tex/latex/epstopdf-pkg/epstopdf-base.sty
Package: epstopdf-base 2020-01-24 v2.11 Base part for package epstopdf
Package epstopdf-base Info: Redefining graphics rule for `.eps' on input line 485.
 (/usr/local/texlive/2025/texmf-dist/tex/latex/latexconfig/epstopdf-sys.cfg
File: epstopdf-sys.cfg 2010/07/13 v1.3 Configuration of (r)epstopdf for TeX Live
))
Package hyperref Info: Link coloring ON on input line 81.
 (/Users/aboudonji/OnjiLabs/Simulation_Course/Process Simulation/Simulación Sistemas dinámicos/algebra_bloques_espacio_estado.out) (/Users/aboudonji/OnjiLabs/Simulation_Course/Process Simulation/Simulación Sistemas dinámicos/algebra_bloques_espacio_estado.out)
\@outlinefile=\write5
\openout5 = `algebra_bloques_espacio_estado.out'.

LaTeX Font Info:    Overwriting symbol font `operators' in version `normal'
(Font)                  OT1/cmr/m/n --> OT1/cmss/m/n on input line 81.
LaTeX Font Info:    Overwriting symbol font `operators' in version `bold'
(Font)                  OT1/cmr/bx/n --> OT1/cmss/b/n on input line 81.
\symnumbers=\mathgroup6
\sympureletters=\mathgroup7
LaTeX Font Info:    Overwriting math alphabet `\mathrm' in version `normal'
(Font)                  OT1/cmss/m/n --> OT1/cmr/m/n on input line 81.
LaTeX Font Info:    Redeclaring math alphabet \mathbf on input line 81.
LaTeX Font Info:    Overwriting math alphabet `\mathbf' in version `normal'
(Font)                  OT1/cmr/bx/n --> OT1/cmss/b/n on input line 81.
LaTeX Font Info:    Overwriting math alphabet `\mathbf' in version `bold'
(Font)                  OT1/cmr/bx/n --> OT1/cmss/b/n on input line 81.
LaTeX Font Info:    Redeclaring math alphabet \mathsf on input line 81.
LaTeX Font Info:    Overwriting math alphabet `\mathsf' in version `normal'
(Font)                  OT1/cmss/m/n --> OT1/cmss/m/n on input line 81.
LaTeX Font Info:    Overwriting math alphabet `\mathsf' in version `bold'
(Font)                  OT1/cmss/bx/n --> OT1/cmss/m/n on input line 81.
LaTeX Font Info:    Redeclaring math alphabet \mathit on input line 81.
LaTeX Font Info:    Overwriting math alphabet `\mathit' in version `normal'
(Font)                  OT1/cmr/m/it --> OT1/cmss/m/it on input line 81.
LaTeX Font Info:    Overwriting math alphabet `\mathit' in version `bold'
(Font)                  OT1/cmr/bx/it --> OT1/cmss/m/it on input line 81.
LaTeX Font Info:    Redeclaring math alphabet \mathtt on input line 81.
LaTeX Font Info:    Overwriting math alphabet `\mathtt' in version `normal'
(Font)                  OT1/cmtt/m/n --> OT1/cmtt/m/n on input line 81.
LaTeX Font Info:    Overwriting math alphabet `\mathtt' in version `bold'
(Font)                  OT1/cmtt/m/n --> OT1/cmtt/m/n on input line 81.
LaTeX Font Info:    Overwriting symbol font `numbers' in version `bold'
(Font)                  OT1/cmss/m/n --> OT1/cmss/b/n on input line 81.
LaTeX Font Info:    Overwriting symbol font `pureletters' in version `bold'
(Font)                  OT1/cmss/m/it --> OT1/cmss/b/it on input line 81.
LaTeX Font Info:    Overwriting math alphabet `\mathrm' in version `bold'
(Font)                  OT1/cmss/b/n --> OT1/cmr/b/n on input line 81.
LaTeX Font Info:    Overwriting math alphabet `\mathbf' in version `bold'
(Font)                  OT1/cmss/b/n --> OT1/cmss/b/n on input line 81.
LaTeX Font Info:    Overwriting math alphabet `\mathsf' in version `bold'
(Font)                  OT1/cmss/m/n --> OT1/cmss/b/n on input line 81.
LaTeX Font Info:    Overwriting math alphabet `\mathit' in version `bold'
(Font)                  OT1/cmss/m/it --> OT1/cmss/b/it on input line 81.
LaTeX Font Info:    Overwriting math alphabet `\mathtt' in version `bold'
(Font)                  OT1/cmtt/m/n --> OT1/cmtt/b/n on input line 81.
LaTeX Font Info:    Redeclaring symbol font `pureletters' on input line 81.
LaTeX Font Info:    Overwriting symbol font `pureletters' in version `normal'
(Font)                  OT1/cmss/m/it --> OT1/mathkerncmss/m/sl on input line 81.
LaTeX Font Info:    Overwriting symbol font `pureletters' in version `bold'
(Font)                  OT1/cmss/b/it --> OT1/mathkerncmss/m/sl on input line 81.
LaTeX Font Info:    Overwriting symbol font `pureletters' in version `bold'
(Font)                  OT1/mathkerncmss/m/sl --> OT1/mathkerncmss/bx/sl on input line 81.
 (/usr/local/texlive/2025/texmf-dist/tex/latex/translator/translator-basic-dictionary-English.dict
Dictionary: translator-basic-dictionary, Language: English 
) (/usr/local/texlive/2025/texmf-dist/tex/latex/translator/translator-bibliography-dictionary-English.dict
Dictionary: translator-bibliography-dictionary, Language: English 
) (/usr/local/texlive/2025/texmf-dist/tex/latex/translator/translator-environment-dictionary-English.dict
Dictionary: translator-environment-dictionary, Language: English 
) (/usr/local/texlive/2025/texmf-dist/tex/latex/translator/translator-months-dictionary-English.dict
Dictionary: translator-months-dictionary, Language: English 
) (/usr/local/texlive/2025/texmf-dist/tex/latex/translator/translator-numbers-dictionary-English.dict
Dictionary: translator-numbers-dictionary, Language: English 
) (/usr/local/texlive/2025/texmf-dist/tex/latex/translator/translator-theorem-dictionary-English.dict
Dictionary: translator-theorem-dictionary, Language: English 
)
LaTeX Info: Redefining \. on input line 81.
LaTeX Info: Redefining \% on input line 81.
\c@lstlisting=\count392
 (/Users/aboudonji/OnjiLabs/Simulation_Course/Process Simulation/Simulación Sistemas dinámicos/algebra_bloques_espacio_estado.nav)
Overfull \hbox (178.44508pt too wide) detected at line 81
  [] [][][][][] [][][][][][][][][] [][][][][][][][][] [][][][][][][][][][] [][][][][][][][] [][][][][][][][]  
 []


Overfull \hbox (178.44508pt too wide) detected at line 85
  [] [][][][][] [][][][][][][][][] [][][][][][][][][] [][][][][][][][][][] [][][][][][][][] [][][][][][][][]  
 []




Overfull \hbox (179.86177pt too wide) has occurred while \output is active
  [] [][][][][] [][][][][][][][][] [][][][][][][][][] [][][][][][][][][][] [][][][][][][][] [][][][][][][][]  
 []

[1{/usr/local/texlive/2025/texmf-var/fonts/map/pdftex/updmap/pdftex.map}

]
Overfull \hbox (178.44508pt too wide) detected at line 89
  [] [][][][][] [][][][][][][][][] [][][][][][][][][] [][][][][][][][][][] [][][][][][][][] [][][][][][][][]  
 []

(/Users/aboudonji/OnjiLabs/Simulation_Course/Process Simulation/Simulación Sistemas dinámicos/algebra_bloques_espacio_estado.toc
LaTeX Info: Redefining \. on input line 1.
LaTeX Info: Redefining \% on input line 1.
)


Overfull \hbox (179.86177pt too wide) has occurred while \output is active
  [] [][][][][] [][][][][][][][][] [][][][][][][][][] [][][][][][][][][][] [][][][][][][][] [][][][][][][][]  
 []

[2

]
Overfull \hbox (178.44508pt too wide) detected at line 92
  [] [][][][][] [][][][][][][][][] [][][][][][][][][] [][][][][][][][][][] [][][][][][][][] [][][][][][][][]  
 []

(/Users/aboudonji/OnjiLabs/Simulation_Course/Process Simulation/Simulación Sistemas dinámicos/algebra_bloques_espacio_estado.toc
LaTeX Info: Redefining \. on input line 1.
LaTeX Info: Redefining \% on input line 1.
)


Overfull \hbox (179.86177pt too wide) has occurred while \output is active
  [] [][][][][] [][][][][][][][][] [][][][][][][][][] [][][][][][][][][][] [][][][][][][][] [][][][][][][][]  
 []

[3

]
Overfull \hbox (178.44508pt too wide) detected at line 121
  [] [][][][][] [][][][][][][][][] [][][][][][][][][] [][][][][][][][][][] [][][][][][][][] [][][][][][][][]  
 []

LaTeX Font Info:    Trying to load font information for U+msa on input line 121.
(/usr/local/texlive/2025/texmf-dist/tex/latex/amsfonts/umsa.fd
File: umsa.fd 2013/01/14 v3.01 AMS symbols A
)
LaTeX Font Info:    Trying to load font information for U+msb on input line 121.
 (/usr/local/texlive/2025/texmf-dist/tex/latex/amsfonts/umsb.fd
File: umsb.fd 2013/01/14 v3.01 AMS symbols B
)
LaTeX Font Info:    Trying to load font information for OT1+mathkerncmss on input line 121.
 (/usr/local/texlive/2025/texmf-dist/tex/latex/sansmathaccent/ot1mathkerncmss.fd
File: ot1mathkerncmss.fd 2020/01/31 Fontinst v1.933 font definitions for OT1/mathkerncmss.
)


Overfull \hbox (179.86177pt too wide) has occurred while \output is active
  [] [][][][][] [][][][][][][][][] [][][][][][][][][] [][][][][][][][][][] [][][][][][][][] [][][][][][][][]  
 []

[4

]
Overfull \hbox (178.44508pt too wide) detected at line 135
  [] [][][][][] [][][][][][][][][] [][][][][][][][][] [][][][][][][][][][] [][][][][][][][] [][][][][][][][]  
 []




Overfull \hbox (179.86177pt too wide) has occurred while \output is active
  [] [][][][][] [][][][][][][][][] [][][][][][][][][] [][][][][][][][][][] [][][][][][][][] [][][][][][][][]  
 []

[5

]
Overfull \hbox (178.44508pt too wide) detected at line 152
  [] [][][][][] [][][][][][][][][] [][][][][][][][][] [][][][][][][][][][] [][][][][][][][] [][][][][][][][]  
 []




Overfull \hbox (179.86177pt too wide) has occurred while \output is active
  [] [][][][][] [][][][][][][][][] [][][][][][][][][] [][][][][][][][][][] [][][][][][][][] [][][][][][][][]  
 []

[6

]
Overfull \hbox (178.44508pt too wide) detected at line 155
  [] [][][][][] [][][][][][][][][] [][][][][][][][][] [][][][][][][][][][] [][][][][][][][] [][][][][][][][]  
 []

(/Users/aboudonji/OnjiLabs/Simulation_Course/Process Simulation/Simulación Sistemas dinámicos/algebra_bloques_espacio_estado.toc
LaTeX Info: Redefining \. on input line 1.
LaTeX Info: Redefining \% on input line 1.
)


Overfull \hbox (179.86177pt too wide) has occurred while \output is active
  [] [][][][][] [][][][][][][][][] [][][][][][][][][] [][][][][][][][][][] [][][][][][][][] [][][][][][][][]  
 []

[7

]
Overfull \hbox (178.44508pt too wide) detected at line 179
  [] [][][][][] [][][][][][][][][] [][][][][][][][][] [][][][][][][][][][] [][][][][][][][] [][][][][][][][]  
 []




Overfull \hbox (179.86177pt too wide) has occurred while \output is active
  [] [][][][][] [][][][][][][][][] [][][][][][][][][] [][][][][][][][][][] [][][][][][][][] [][][][][][][][]  
 []

[8

]
Overfull \hbox (178.44508pt too wide) detected at line 185
  [] [][][][][] [][][][][][][][][] [][][][][][][][][] [][][][][][][][][][] [][][][][][][][] [][][][][][][][]  
 []




Overfull \hbox (179.86177pt too wide) has occurred while \output is active
  [] [][][][][] [][][][][][][][][] [][][][][][][][][] [][][][][][][][][][] [][][][][][][][] [][][][][][][][]  
 []

[9

]
Overfull \hbox (178.44508pt too wide) detected at line 208
  [] [][][][][] [][][][][][][][][] [][][][][][][][][] [][][][][][][][][][] [][][][][][][][] [][][][][][][][]  
 []




Overfull \hbox (179.86177pt too wide) has occurred while \output is active
  [] [][][][][] [][][][][][][][][] [][][][][][][][][] [][][][][][][][][][] [][][][][][][][] [][][][][][][][]  
 []

[10

]
Overfull \hbox (178.44508pt too wide) detected at line 235
  [] [][][][][] [][][][][][][][][] [][][][][][][][][] [][][][][][][][][][] [][][][][][][][] [][][][][][][][]  
 []


Overfull \vbox (44.40143pt too high) detected at line 235
 []




Overfull \hbox (179.86177pt too wide) has occurred while \output is active
  [] [][][][][] [][][][][][][][][] [][][][][][][][][] [][][][][][][][][][] [][][][][][][][] [][][][][][][][]  
 []

[11

]
Overfull \hbox (178.44508pt too wide) detected at line 265
  [] [][][][][] [][][][][][][][][] [][][][][][][][][] [][][][][][][][][][] [][][][][][][][] [][][][][][][][]  
 []




Overfull \hbox (179.86177pt too wide) has occurred while \output is active
  [] [][][][][] [][][][][][][][][] [][][][][][][][][] [][][][][][][][][][] [][][][][][][][] [][][][][][][][]  
 []

[12

]
Overfull \hbox (178.44508pt too wide) detected at line 283
  [] [][][][][] [][][][][][][][][] [][][][][][][][][] [][][][][][][][][][] [][][][][][][][] [][][][][][][][]  
 []


Overfull \hbox (39.31158pt too wide) in paragraph at lines 283--283
 [] 
 []




Overfull \hbox (179.86177pt too wide) has occurred while \output is active
  [] [][][][][] [][][][][][][][][] [][][][][][][][][] [][][][][][][][][][] [][][][][][][][] [][][][][][][][]  
 []

[13

]
Overfull \hbox (178.44508pt too wide) detected at line 289
  [] [][][][][] [][][][][][][][][] [][][][][][][][][] [][][][][][][][][][] [][][][][][][][] [][][][][][][][]  
 []




Overfull \hbox (179.86177pt too wide) has occurred while \output is active
  [] [][][][][] [][][][][][][][][] [][][][][][][][][] [][][][][][][][][][] [][][][][][][][] [][][][][][][][]  
 []

[14

]
Overfull \hbox (178.44508pt too wide) detected at line 292
  [] [][][][][] [][][][][][][][][] [][][][][][][][][] [][][][][][][][][][] [][][][][][][][] [][][][][][][][]  
 []

(/Users/aboudonji/OnjiLabs/Simulation_Course/Process Simulation/Simulación Sistemas dinámicos/algebra_bloques_espacio_estado.toc
LaTeX Info: Redefining \. on input line 1.
LaTeX Info: Redefining \% on input line 1.
)


Overfull \hbox (179.86177pt too wide) has occurred while \output is active
  [] [][][][][] [][][][][][][][][] [][][][][][][][][] [][][][][][][][][][] [][][][][][][][] [][][][][][][][]  
 []

[15

]
Overfull \hbox (178.44508pt too wide) detected at line 308
  [] [][][][][] [][][][][][][][][] [][][][][][][][][] [][][][][][][][][][] [][][][][][][][] [][][][][][][][]  
 []


Overfull \vbox (82.14906pt too high) detected at line 308
 []




Overfull \hbox (179.86177pt too wide) has occurred while \output is active
  [] [][][][][] [][][][][][][][][] [][][][][][][][][] [][][][][][][][][][] [][][][][][][][] [][][][][][][][]  
 []

[16

]
Overfull \hbox (178.44508pt too wide) detected at line 326
  [] [][][][][] [][][][][][][][][] [][][][][][][][][] [][][][][][][][][][] [][][][][][][][] [][][][][][][][]  
 []


Overfull \vbox (50.81133pt too high) detected at line 326
 []




Overfull \hbox (179.86177pt too wide) has occurred while \output is active
  [] [][][][][] [][][][][][][][][] [][][][][][][][][] [][][][][][][][][][] [][][][][][][][] [][][][][][][][]  
 []

[17

]
Overfull \hbox (178.44508pt too wide) detected at line 354
  [] [][][][][] [][][][][][][][][] [][][][][][][][][] [][][][][][][][][][] [][][][][][][][] [][][][][][][][]  
 []




Overfull \hbox (179.86177pt too wide) has occurred while \output is active
  [] [][][][][] [][][][][][][][][] [][][][][][][][][] [][][][][][][][][][] [][][][][][][][] [][][][][][][][]  
 []

[18

]
Overfull \hbox (178.44508pt too wide) detected at line 364
  [] [][][][][] [][][][][][][][][] [][][][][][][][][] [][][][][][][][][][] [][][][][][][][] [][][][][][][][]  
 []




Overfull \hbox (179.86177pt too wide) has occurred while \output is active
  [] [][][][][] [][][][][][][][][] [][][][][][][][][] [][][][][][][][][][] [][][][][][][][] [][][][][][][][]  
 []

[19

]
Overfull \hbox (178.44508pt too wide) detected at line 379
  [] [][][][][] [][][][][][][][][] [][][][][][][][][] [][][][][][][][][][] [][][][][][][][] [][][][][][][][]  
 []




Overfull \hbox (179.86177pt too wide) has occurred while \output is active
  [] [][][][][] [][][][][][][][][] [][][][][][][][][] [][][][][][][][][][] [][][][][][][][] [][][][][][][][]  
 []

[20

]
Overfull \hbox (178.44508pt too wide) detected at line 385
  [] [][][][][] [][][][][][][][][] [][][][][][][][][] [][][][][][][][][][] [][][][][][][][] [][][][][][][][]  
 []




Overfull \hbox (179.86177pt too wide) has occurred while \output is active
  [] [][][][][] [][][][][][][][][] [][][][][][][][][] [][][][][][][][][][] [][][][][][][][] [][][][][][][][]  
 []

[21

]
Overfull \hbox (178.44508pt too wide) detected at line 387
  [] [][][][][] [][][][][][][][][] [][][][][][][][][] [][][][][][][][][][] [][][][][][][][] [][][][][][][][]  
 []

\openout4 = `algebra_bloques_espacio_estado.vrb'.


Overfull \hbox (178.44508pt too wide) detected at line 432
  [] [][][][][] [][][][][][][][][] [][][][][][][][][] [][][][][][][][][][] [][][][][][][][] [][][][][][][][]  
 []

(/Users/aboudonji/OnjiLabs/Simulation_Course/Process Simulation/Simulación Sistemas dinámicos/algebra_bloques_espacio_estado.vrb
LaTeX Font Info:    Font shape `OT1/cmtt/bx/n' in size <8> not available
(Font)              Font shape `OT1/cmtt/m/n' tried instead on input line 16.
)
Overfull \vbox (99.42241pt too high) detected at line 432
 []




Overfull \hbox (179.86177pt too wide) has occurred while \output is active
  [] [][][][][] [][][][][][][][][] [][][][][][][][][] [][][][][][][][][][] [][][][][][][][] [][][][][][][][]  
 []

[22

]
Overfull \hbox (178.44508pt too wide) detected at line 435
  [] [][][][][] [][][][][][][][][] [][][][][][][][][] [][][][][][][][][][] [][][][][][][][] [][][][][][][][]  
 []

(/Users/aboudonji/OnjiLabs/Simulation_Course/Process Simulation/Simulación Sistemas dinámicos/algebra_bloques_espacio_estado.toc
LaTeX Info: Redefining \. on input line 1.
LaTeX Info: Redefining \% on input line 1.
)


Overfull \hbox (179.86177pt too wide) has occurred while \output is active
  [] [][][][][] [][][][][][][][][] [][][][][][][][][] [][][][][][][][][][] [][][][][][][][] [][][][][][][][]  
 []

[23

]
Overfull \hbox (178.44508pt too wide) detected at line 461
  [] [][][][][] [][][][][][][][][] [][][][][][][][][] [][][][][][][][][][] [][][][][][][][] [][][][][][][][]  
 []




Overfull \hbox (179.86177pt too wide) has occurred while \output is active
  [] [][][][][] [][][][][][][][][] [][][][][][][][][] [][][][][][][][][][] [][][][][][][][] [][][][][][][][]  
 []

[24

]
Overfull \hbox (178.44508pt too wide) detected at line 485
  [] [][][][][] [][][][][][][][][] [][][][][][][][][] [][][][][][][][][][] [][][][][][][][] [][][][][][][][]  
 []

LaTeX Font Info:    Font shape `OT1/cmss/b/n' in size <10.95> not available
(Font)              Font shape `OT1/cmss/bx/n' tried instead on input line 485.
LaTeX Font Info:    Font shape `OT1/cmss/b/n' in size <8> not available
(Font)              Font shape `OT1/cmss/bx/n' tried instead on input line 485.
LaTeX Font Info:    Font shape `OT1/cmss/b/n' in size <6> not available
(Font)              Font shape `OT1/cmss/bx/n' tried instead on input line 485.

Overfull \vbox (5.91031pt too high) detected at line 485
 []




Overfull \hbox (179.86177pt too wide) has occurred while \output is active
  [] [][][][][] [][][][][][][][][] [][][][][][][][][] [][][][][][][][][][] [][][][][][][][] [][][][][][][][]  
 []

[25

]
Overfull \hbox (178.44508pt too wide) detected at line 511
  [] [][][][][] [][][][][][][][][] [][][][][][][][][] [][][][][][][][][][] [][][][][][][][] [][][][][][][][]  
 []




Overfull \hbox (179.86177pt too wide) has occurred while \output is active
  [] [][][][][] [][][][][][][][][] [][][][][][][][][] [][][][][][][][][][] [][][][][][][][] [][][][][][][][]  
 []

[26

]
Overfull \hbox (178.44508pt too wide) detected at line 516
  [] [][][][][] [][][][][][][][][] [][][][][][][][][] [][][][][][][][][][] [][][][][][][][] [][][][][][][][]  
 []




Overfull \hbox (179.86177pt too wide) has occurred while \output is active
  [] [][][][][] [][][][][][][][][] [][][][][][][][][] [][][][][][][][][][] [][][][][][][][] [][][][][][][][]  
 []

[27

]
Overfull \hbox (178.44508pt too wide) detected at line 532
  [] [][][][][] [][][][][][][][][] [][][][][][][][][] [][][][][][][][][][] [][][][][][][][] [][][][][][][][]  
 []




Overfull \hbox (179.86177pt too wide) has occurred while \output is active
  [] [][][][][] [][][][][][][][][] [][][][][][][][][] [][][][][][][][][][] [][][][][][][][] [][][][][][][][]  
 []

[28

]
Overfull \hbox (178.44508pt too wide) detected at line 537
  [] [][][][][] [][][][][][][][][] [][][][][][][][][] [][][][][][][][][][] [][][][][][][][] [][][][][][][][]  
 []




Overfull \hbox (179.86177pt too wide) has occurred while \output is active
  [] [][][][][] [][][][][][][][][] [][][][][][][][][] [][][][][][][][][][] [][][][][][][][] [][][][][][][][]  
 []

[29

]
Overfull \hbox (178.44508pt too wide) detected at line 554
  [] [][][][][] [][][][][][][][][] [][][][][][][][][] [][][][][][][][][][] [][][][][][][][] [][][][][][][][]  
 []




Overfull \hbox (179.86177pt too wide) has occurred while \output is active
  [] [][][][][] [][][][][][][][][] [][][][][][][][][] [][][][][][][][][][] [][][][][][][][] [][][][][][][][]  
 []

[30

]
Overfull \hbox (178.44508pt too wide) detected at line 560
  [] [][][][][] [][][][][][][][][] [][][][][][][][][] [][][][][][][][][][] [][][][][][][][] [][][][][][][][]  
 []




Overfull \hbox (179.86177pt too wide) has occurred while \output is active
  [] [][][][][] [][][][][][][][][] [][][][][][][][][] [][][][][][][][][][] [][][][][][][][] [][][][][][][][]  
 []

[31

]
Overfull \hbox (178.44508pt too wide) detected at line 563
  [] [][][][][] [][][][][][][][][] [][][][][][][][][] [][][][][][][][][][] [][][][][][][][] [][][][][][][][]  
 []

(/Users/aboudonji/OnjiLabs/Simulation_Course/Process Simulation/Simulación Sistemas dinámicos/algebra_bloques_espacio_estado.toc
LaTeX Info: Redefining \. on input line 1.
LaTeX Info: Redefining \% on input line 1.
)


Overfull \hbox (179.86177pt too wide) has occurred while \output is active
  [] [][][][][] [][][][][][][][][] [][][][][][][][][] [][][][][][][][][][] [][][][][][][][] [][][][][][][][]  
 []

[32

]
Overfull \hbox (178.44508pt too wide) detected at line 583
  [] [][][][][] [][][][][][][][][] [][][][][][][][][] [][][][][][][][][][] [][][][][][][][] [][][][][][][][]  
 []




Overfull \hbox (179.86177pt too wide) has occurred while \output is active
  [] [][][][][] [][][][][][][][][] [][][][][][][][][] [][][][][][][][][][] [][][][][][][][] [][][][][][][][]  
 []

[33

]
Overfull \hbox (178.44508pt too wide) detected at line 592
  [] [][][][][] [][][][][][][][][] [][][][][][][][][] [][][][][][][][][][] [][][][][][][][] [][][][][][][][]  
 []




Overfull \hbox (179.86177pt too wide) has occurred while \output is active
  [] [][][][][] [][][][][][][][][] [][][][][][][][][] [][][][][][][][][][] [][][][][][][][] [][][][][][][][]  
 []

[34

]
Overfull \hbox (178.44508pt too wide) detected at line 605
  [] [][][][][] [][][][][][][][][] [][][][][][][][][] [][][][][][][][][][] [][][][][][][][] [][][][][][][][]  
 []




Overfull \hbox (179.86177pt too wide) has occurred while \output is active
  [] [][][][][] [][][][][][][][][] [][][][][][][][][] [][][][][][][][][][] [][][][][][][][] [][][][][][][][]  
 []

[35

]
Overfull \hbox (178.44508pt too wide) detected at line 613
  [] [][][][][] [][][][][][][][][] [][][][][][][][][] [][][][][][][][][][] [][][][][][][][] [][][][][][][][]  
 []




Overfull \hbox (179.86177pt too wide) has occurred while \output is active
  [] [][][][][] [][][][][][][][][] [][][][][][][][][] [][][][][][][][][][] [][][][][][][][] [][][][][][][][]  
 []

[36

]
Overfull \hbox (178.44508pt too wide) detected at line 646
  [] [][][][][] [][][][][][][][][] [][][][][][][][][] [][][][][][][][][][] [][][][][][][][] [][][][][][][][]  
 []


LaTeX Font Warning: Font shape `OT1/cmss/bx/it' undefined
(Font)              using `OT1/cmss/b/it' instead on input line 646.


LaTeX Font Warning: Font shape `OT1/cmss/b/it' undefined
(Font)              using `OT1/cmss/b/n' instead on input line 646.




Overfull \hbox (179.86177pt too wide) has occurred while \output is active
  [] [][][][][] [][][][][][][][][] [][][][][][][][][] [][][][][][][][][][] [][][][][][][][] [][][][][][][][]  
 []

[37

]
Overfull \hbox (178.44508pt too wide) detected at line 648
  [] [][][][][] [][][][][][][][][] [][][][][][][][][] [][][][][][][][][][] [][][][][][][][] [][][][][][][][]  
 []

\openout4 = `algebra_bloques_espacio_estado.vrb'.


Overfull \hbox (178.44508pt too wide) detected at line 696
  [] [][][][][] [][][][][][][][][] [][][][][][][][][] [][][][][][][][][][] [][][][][][][][] [][][][][][][][]  
 []

(/Users/aboudonji/OnjiLabs/Simulation_Course/Process Simulation/Simulación Sistemas dinámicos/algebra_bloques_espacio_estado.vrb)
Overfull \vbox (42.4225pt too high) detected at line 696
 []




Overfull \hbox (179.86177pt too wide) has occurred while \output is active
  [] [][][][][] [][][][][][][][][] [][][][][][][][][] [][][][][][][][][][] [][][][][][][][] [][][][][][][][]  
 []

[38

]
Overfull \hbox (178.44508pt too wide) detected at line 699
  [] [][][][][] [][][][][][][][][] [][][][][][][][][] [][][][][][][][][][] [][][][][][][][] [][][][][][][][]  
 []

(/Users/aboudonji/OnjiLabs/Simulation_Course/Process Simulation/Simulación Sistemas dinámicos/algebra_bloques_espacio_estado.toc
LaTeX Info: Redefining \. on input line 1.
LaTeX Info: Redefining \% on input line 1.
)


Overfull \hbox (179.86177pt too wide) has occurred while \output is active
  [] [][][][][] [][][][][][][][][] [][][][][][][][][] [][][][][][][][][][] [][][][][][][][] [][][][][][][][]  
 []

[39

]
Overfull \hbox (178.44508pt too wide) detected at line 732
  [] [][][][][] [][][][][][][][][] [][][][][][][][][] [][][][][][][][][][] [][][][][][][][] [][][][][][][][]  
 []


Overfull \vbox (66.73615pt too high) detected at line 732
 []




Overfull \hbox (179.86177pt too wide) has occurred while \output is active
  [] [][][][][] [][][][][][][][][] [][][][][][][][][] [][][][][][][][][][] [][][][][][][][] [][][][][][][][]  
 []

[40

]
Overfull \hbox (178.44508pt too wide) detected at line 753
  [] [][][][][] [][][][][][][][][] [][][][][][][][][] [][][][][][][][][][] [][][][][][][][] [][][][][][][][]  
 []




Overfull \hbox (179.86177pt too wide) has occurred while \output is active
  [] [][][][][] [][][][][][][][][] [][][][][][][][][] [][][][][][][][][][] [][][][][][][][] [][][][][][][][]  
 []

[41

]
Overfull \hbox (178.44508pt too wide) detected at line 772
  [] [][][][][] [][][][][][][][][] [][][][][][][][][] [][][][][][][][][][] [][][][][][][][] [][][][][][][][]  
 []




Overfull \hbox (179.86177pt too wide) has occurred while \output is active
  [] [][][][][] [][][][][][][][][] [][][][][][][][][] [][][][][][][][][][] [][][][][][][][] [][][][][][][][]  
 []

[42

]
Overfull \hbox (178.44508pt too wide) detected at line 777
  [] [][][][][] [][][][][][][][][] [][][][][][][][][] [][][][][][][][][][] [][][][][][][][] [][][][][][][][]  
 []




Overfull \hbox (179.86177pt too wide) has occurred while \output is active
  [] [][][][][] [][][][][][][][][] [][][][][][][][][] [][][][][][][][][][] [][][][][][][][] [][][][][][][][]  
 []

[43

]
Overfull \hbox (178.44508pt too wide) detected at line 794
  [] [][][][][] [][][][][][][][][] [][][][][][][][][] [][][][][][][][][][] [][][][][][][][] [][][][][][][][]  
 []


Overfull \vbox (4.16449pt too high) detected at line 794
 []




Overfull \hbox (179.86177pt too wide) has occurred while \output is active
  [] [][][][][] [][][][][][][][][] [][][][][][][][][] [][][][][][][][][][] [][][][][][][][] [][][][][][][][]  
 []

[44

]
Overfull \hbox (178.44508pt too wide) detected at line 817
  [] [][][][][] [][][][][][][][][] [][][][][][][][][] [][][][][][][][][][] [][][][][][][][] [][][][][][][][]  
 []


Overfull \vbox (48.05719pt too high) detected at line 817
 []




Overfull \hbox (179.86177pt too wide) has occurred while \output is active
  [] [][][][][] [][][][][][][][][] [][][][][][][][][] [][][][][][][][][][] [][][][][][][][] [][][][][][][][]  
 []

[45

]
\tf@nav=\write6
\openout6 = `algebra_bloques_espacio_estado.nav'.

\tf@toc=\write7
\openout7 = `algebra_bloques_espacio_estado.toc'.

\tf@snm=\write8
\openout8 = `algebra_bloques_espacio_estado.snm'.

 (/Users/aboudonji/OnjiLabs/Simulation_Course/Process Simulation/Simulación Sistemas dinámicos/algebra_bloques_espacio_estado.aux
LaTeX Info: Redefining \. on input line 12.
LaTeX Info: Redefining \% on input line 12.
)
 ***********
LaTeX2e <2024-11-01> patch level 2
L3 programming layer <2025-01-18>
 ***********


LaTeX Font Warning: Some font shapes were not available, defaults substituted.

Package rerunfilecheck Info: File `algebra_bloques_espacio_estado.out' has not changed.
(rerunfilecheck)             Checksum: B626D91812A5BFC874DBE9F5BB6AB3E2;1395.
 ) 
Here is how much of TeX's memory you used:
 32552 strings out of 473190
 631995 string characters out of 5715801
 1511381 words of memory out of 5000000
 55060 multiletter control sequences out of 15000+600000
 571704 words of font info for 82 fonts, out of 8000000 for 9000
 1141 hyphenation exceptions out of 8191
 128i,19n,123p,519b,2263s stack positions out of 10000i,1000n,20000p,200000b,200000s
</usr/local/texlive/2025/texmf-dist/fonts/type1/public/amsfonts/cm/cmex10.pfb></usr/local/texlive/2025/texmf-dist/fonts/type1/public/amsfonts/cm/cmmi10.pfb></usr/local/texlive/2025/texmf-dist/fonts/type1/public/amsfonts/cm/cmss10.pfb></usr/local/texlive/2025/texmf-dist/fonts/type1/public/amsfonts/cm/cmss12.pfb></usr/local/texlive/2025/texmf-dist/fonts/type1/public/amsfonts/cm/cmss8.pfb></usr/local/texlive/2025/texmf-dist/fonts/type1/public/amsfonts/cm/cmss9.pfb></usr/local/texlive/2025/texmf-dist/fonts/type1/public/amsfonts/cm/cmssbx10.pfb></usr/local/texlive/2025/texmf-dist/fonts/type1/public/amsfonts/cm/cmssi10.pfb></usr/local/texlive/2025/texmf-dist/fonts/type1/public/amsfonts/cm/cmssi8.pfb></usr/local/texlive/2025/texmf-dist/fonts/type1/public/amsfonts/cm/cmssi9.pfb></usr/local/texlive/2025/texmf-dist/fonts/type1/public/amsfonts/cm/cmsy10.pfb></usr/local/texlive/2025/texmf-dist/fonts/type1/public/amsfonts/cm/cmsy6.pfb></usr/local/texlive/2025/texmf-dist/fonts/type1/public/amsfonts/cm/cmsy8.pfb></usr/local/texlive/2025/texmf-dist/fonts/type1/public/amsfonts/cm/cmsy9.pfb></usr/local/texlive/2025/texmf-dist/fonts/type1/public/amsfonts/cm/cmtt10.pfb></usr/local/texlive/2025/texmf-dist/fonts/type1/public/amsfonts/cm/cmtt8.pfb></usr/local/texlive/2025/texmf-dist/fonts/type1/public/amsfonts/symbols/msam10.pfb></usr/local/texlive/2025/texmf-dist/fonts/type1/public/amsfonts/symbols/msbm10.pfb>
Output written on "/Users/aboudonji/OnjiLabs/Simulation_Course/Process Simulation/Simulación Sistemas dinámicos/algebra_bloques_espacio_estado.pdf" (45 pages, 413926 bytes).
PDF statistics:
 6021 PDF objects out of 6186 (max. 8388607)
 3495 compressed objects within 35 object streams
 97 named destinations out of 1000 (max. 500000)
 91 words of extra memory for PDF output out of 10000 (max. 10000000)

